[backblue.gif]
[fade.gif]
[index.html]
[fonts.googleapis.com/index.html]
[content/feed/index.html]
[content/comments/feed/index.html]
[content/wp-includes/js/jquery/jquery4a5f.js]
[content/wp-json/wp/v2/pages/209.json]
[content/wp-json/index.html]
[content/xmlrpc0db0.php]
[content/wp-includes/wlwmanifest.xml]
[content/wp-json/oembed/1.0/embed17b0.json]
[content/wp-json/oembed/1.0/embedf57d]
[content/wp-content/uploads/2019/05/cropped-sb_favicon-32x32.png]
[content/wp-content/uploads/2019/05/cropped-sb_favicon-192x192.png]
[content/wp-content/uploads/2019/05/cropped-sb_favicon-180x180.png]
[content/wp-content/uploads/2019/05/logo_superbuy.png]
[content/wp-content/uploads/2019/06/high-bay-900x600.jpg]
[1.gravatar.com/avatar/70d27f7b4c3bb5a5a1a3d15b7c191b7bd464.jpeg]
[content/wp-content/uploads/2019/06/gavelweb-900x600.jpg]
[content/wp-content/uploads/2019/06/recruitment-3-900x600.jpg]
[content/wp-content/uploads/2019/06/visa-1-900x600.jpg]
[content/wp-content/uploads/2019/06/e-commerce-1-900x600.jpg]
[content/wp-content/uploads/2019/06/high-bay.jpg]
[content/wp-content/uploads/2019/06/recruitment-3.jpg]
[content/wp-content/uploads/2019/06/gavelweb.jpg]
[content/wp-content/uploads/2019/06/visa-1.jpg]
[content/wp-content/uploads/2019/06/e-commerce-1.jpg]
[content/wp-content/plugins/contact-form-7/includes/js/scriptsde54.js]
[content/wp-content/themes/salient/js/priority202d.js]
[content/wp-content/themes/salient/js/modernizr61da.js]
[content/wp-content/themes/salient/js/imagesLoaded.mineda1.js]
[content/wp-content/themes/salient/js/magnificf0a0.js]
[content/wp-content/themes/salient/js/superfishb493.js]
[content/wp-content/themes/salient/js/init202d.js]
[content/wp-content/themes/salient/js/flickity.min431f.js]
[content/wp-content/plugins/js_composer_salient/assets/lib/bower/flexslider/jquery.flexslider-min40df.js]
[content/wp-content/themes/salient/js/stickkit5152.js]
[content/wp-content/themes/salient/js/touchswipe.min5152.js]
[content/wp-includes/js/wp-embed.mind03b.js]
[content/wp-content/plugins/js_composer_salient/assets/js/dist/js_composer_front.min40df.js]
[content/index.html]
[fonts.googleapis.com/index.html]
[s.w.org/index.html]
[www.superbuy.com.br/index.html]
[fonts.googleapis.com/cssb681.css]
[fonts.googleapis.com/cssf67a.css]
[www.superbuy.com.br/static/images/favicon.png]
[www.superbuy.com.br/static/js/jquery.js]
[www.superbuy.com.br/static/js/bootstrap.min.js]
[www.superbuy.com.br/static/js/script.js]
[www.superbuy.com.br/static/js/coin-slider.min.js]
[www.superbuy.com.br/static/js/hoverintent.js]
[www.superbuy.com.br/static/js/cufon-yui.js]
[www.superbuy.com.br/static/js/Myriad_Pro_700.font.js]
[www.superbuy.com.br/static/js/cufon-run.js]
[www.superbuy.com.br/static/js/superfish.js]
[www.superbuy.com.br/static/js/owl-carousel/owl.carousel.js]
[www.superbuy.com.br/static/js/touchScroll/js/jquery.kinetic.min.js]
[www.superbuy.com.br/static/js/scroll/jquery.mCustomScrollbar.concat.min.js]
[www.superbuy.com.br/static/images/favicon/apple-icon-57x57.png]
[www.superbuy.com.br/static/images/favicon/apple-icon-60x60.png]
[www.superbuy.com.br/static/images/favicon/apple-icon-72x72.png]
[www.superbuy.com.br/static/images/favicon/apple-icon-76x76.png]
[www.superbuy.com.br/static/images/favicon/apple-icon-114x114.png]
[www.superbuy.com.br/static/images/favicon/apple-icon-120x120.png]
[www.superbuy.com.br/static/images/favicon/apple-icon-144x144.png]
[www.superbuy.com.br/static/images/favicon/apple-icon-152x152.png]
[www.superbuy.com.br/static/images/favicon/apple-icon-180x180.png]
[www.superbuy.com.br/static/images/favicon/android-icon-192x192.png]
[www.superbuy.com.br/static/images/favicon/favicon-32x32.png]
[www.superbuy.com.br/static/images/favicon/favicon-96x96.png]
[www.superbuy.com.br/static/images/favicon/favicon-16x16.png]
[www.superbuy.com.br/static/images/favicon/manifest.json]
[www.google-analytics.com/analytics.js]
[www.superbuy.com.br/static/images/logo2.jpg]
[www.superbuy.com.br/quem_somos.html]
[www.superbuy.com.br/seja_um_comprador.html]
[www.superbuy.com.br/fluxo_comprador.html]
[www.superbuy.com.br/seja_um_fornecedor.html]
[www.superbuy.com.br/fluxo_fornecedor.html]
[www.superbuy.com.br/faq.html]
[www.superbuy.com.br/superdocs/index.html]
[www.superbuy.com.br/financeiro/gerarcontrato/index.html]
[www.superbuy.com.br/login00b7.html]
[www.superbuy.com.br/static/apps/TeamViewerQS_pt-idcztdxtzw.exe]
[www.superbuy.com.br/static/images/fornecedores/lojaeletrica.png]
[www.superbuy.com.br/static/images/fornecedores/casadoepi_maior.png]
[www.superbuy.com.br/static/images/fornecedores/mastercomputadores_maior.png]
[www.superbuy.com.br/static/images/fornecedores/acomar_maior.png]
[www.superbuy.com.br/static/images/fornecedores/atacadaodastintas.png]
[www.superbuy.com.br/static/images/fornecedores/plastmetal.png]
[www.superbuy.com.br/static/images/fornecedores/nortel.png]
[www.superbuy.com.br/publicidade/imagem/183.png]
[www.superbuy.com.br/publicidade/gif/gif_1px6bdd.gif]
[www.superbuy.com.br/publicidade/imagem/405.jpg]
[www.superbuy.com.br/publicidade/gif/gif_1pxb9d3.gif]
[www.superbuy.com.br/publicidade/imagem/649.jpg]
[www.superbuy.com.br/publicidade/gif/gif_1pxc37a.gif]
[www.superbuy.com.br/publicidade/imagem/344.jpg]
[www.superbuy.com.br/publicidade/gif/gif_1px0235.gif]
[www.superbuy.com.br/publicidade/imagem/385.jpg]
[www.superbuy.com.br/publicidade/gif/gif_1px1fb2.gif]
[www.superbuy.com.br/noticia/superbuy-ira-patrocinar-o-supply-chain-sab-2016.html]
[www.superbuy.com.br/noticia/calendario-de-faturamento-em-2016.html]
[www.superbuy.com.br/noticia/fast-track.html]
[www.superbuy.com.br/publicidade/imagem/122.jpg]
[www.superbuy.com.br/publicidade/gif/gif_1px9f4f.gif]
[www.superbuy.com.br/www.igus.com.br]
[www.superbuy.com.br/publicidade/imagem/304.png]
[www.superbuy.com.br/publicidade/gif/gif_1pxceb6.gif]
[www.superbuy.com.br/publicidade/imagem/527.png]
[www.superbuy.com.br/publicidade/gif/gif_1px24e7.gif]
[www.superbuy.com.br/static/images/clientes/aetra.jpg]
[www.superbuy.com.br/static/images/clientes/cimentosliz.jpg]
[www.superbuy.com.br/static/images/clientes/delp.png]
[www.superbuy.com.br/static/images/clientes/cimentotupi.jpg]
[www.superbuy.com.br/static/images/clientes/brookfield.png]
[www.superbuy.com.br/static/images/clientes/nacionaldegrafite.jpg]
[www.superbuy.com.br/static/images/clientes/vallourec.jpg]
[www.superbuy.com.br/static/images/clientes/simec.png]
[www.superbuy.com.br/static/images/clientes/harsco.png]
[www.superbuy.com.br/static/images/clientes/anglo.png]
[www.superbuy.com.br/static/images/clientes/mrn.png]
[www.superbuy.com.br/static/images/clientes/fundep.png]
[www.superbuy.com.br/static/images/clientes/mitcar.png]
[www.superbuy.com.br/static/images/fornecedores/acomar.jpg]
[www.superbuy.com.br/static/images/fornecedores/atacadaodastintas.jpg]
[www.superbuy.com.br/static/images/fornecedores/biosan.jpg]
[www.superbuy.com.br/static/images/fornecedores/casadoepi.jpg]
[www.superbuy.com.br/static/images/fornecedores/cofermeta.jpg]
[www.superbuy.com.br/static/images/fornecedores/copec.jpg]
[www.superbuy.com.br/static/images/fornecedores/jpm.jpg]
[www.superbuy.com.br/static/images/fornecedores/lojaeletrica.jpg]
[www.superbuy.com.br/static/images/fornecedores/macrotec.jpg]
[www.superbuy.com.br/static/images/fornecedores/norpem.jpg]
[www.superbuy.com.br/static/images/fornecedores/minasvedacoes.jpg]
[www.superbuy.com.br/static/images/fornecedores/radial.jpg]
[www.superbuy.com.br/static/images/fornecedores/hidraumaquinas.png]
[www.superbuy.com.br/static/images/fornecedores/logominasferramentas.jpg]
[www.superbuy.com.br/static/images/fornecedores/deposito_nossa_casa.jpg]
[www.superbuy.com.br/static/images/fornecedores/totalar.png]
[www.superbuy.com.br/static/images/fornecedores/JW-Engenharia.png]
[www.superbuy.com.br/termos_de_uso.html]
[www.superbuy.com.br/privacidade.html]
[www.superbuy.com.br/anuncie.html]
[www.superbuy.com.br/trabalhe_conosco.html]
[www.superbuy.com.br/obrigado.html]
[www.superbuy.com.br/static/images/logo_jota.jpg]
[www.superbuy.com.br/index.html]
[content/wp-json/wp/v2/posts/5835.json]
[content/wp-json/oembed/1.0/embed8de5.json]
[content/wp-json/oembed/1.0/embed5f76]
[content/distribuicao-b2b-como-funciona-a-logistica-entre-empresas/feed/index.html]
[1.gravatar.com/avatar/70d27f7b4c3bb5a5a1a3d15b7c191b7b8a63.jpeg]
[content/wp-includes/js/comment-reply.mind03b.js]
[content/distribuicao-b2b-como-funciona-a-logistica-entre-empresas/index.html]
[content/wp-json/wp/v2/categories/69.json]
[content/wp-content/uploads/2019/06/high-bay-1024x768.jpg]
[content/category/distribuicao-b2b/feed/index.html]
[content/category/distribuicao-b2b/index.html]
[content/wp-content/themes/salient/js/isotope.mine87d.js]
[content/wp-json/wp/v2/categories/42.json]
[content/category/e-commerce-b2b/feed/index.html]
[content/wp-content/uploads/2019/06/e-commerce-1-1024x768.jpg]
[content/category/e-commerce-b2b/index.html]
[content/wp-json/wp/v2/categories/43.json]
[content/category/suprimento-logistica/index.html]
[content/category/suprimento-logistica/feed/index.html]
[content/wp-json/wp/v2/users/6.json]
[content/wp-content/uploads/2019/06/gavelweb-1024x768.jpg]
[content/wp-content/uploads/2019/06/recruitment-3-1024x768.jpg]
[content/author/thiago/index.html]
[content/wp-content/uploads/2019/06/visa-1-1024x768.jpg]
[content/author/thiago/feed/index.html]
[content/wp-json/wp/v2/posts/5841.json]
[content/leilao-reverso-o-que-e-e-quais-sao-as-vantagens/feed/index.html]
[content/wp-json/oembed/1.0/embed40ba.json]
[content/leilao-reverso-o-que-e-e-quais-sao-as-vantagens/index.html]
[content/wp-json/oembed/1.0/embedc6ae]
[content/wp-json/wp/v2/categories/39.json]
[content/category/compras/index.html]
[content/wp-json/wp/v2/categories/68.json]
[content/category/compras/feed/index.html]
[content/category/leilao-reverso/index.html]
[content/category/leilao-reverso/feed/index.html]
[content/wp-json/wp/v2/categories/41.json]
[content/category/tecnologia/feed/index.html]
[content/category/tecnologia/index.html]
[content/wp-json/wp/v2/posts/5859]
[content/o-que-e-outsourcing-de-compras/feed/index.html]
[content/wp-json/oembed/1.0/embede204]
[content/wp-json/oembed/1.0/embede20c]
[2.gravatar.com/avatar/82bcaf48d921e5b7fd0537e34db45be6c50c.png]
[content/o-que-e-outsourcing-de-compras/index.html]
[content/wp-json/wp/v2/categories/67.json]
[0.gravatar.com/avatar/indexc50c.html]
[content/category/outsourcing-de-compras/index.html]
[content/category/outsourcing-de-compras/feed/index.html]
[content/wp-json/wp/v2/posts/5862.json]
[content/tendencias-da-iot-em-dispositivos-moveis/feed/index.html]
[content/wp-json/oembed/1.0/embed5403.json]
[content/wp-json/oembed/1.0/embedacee]
[content/tendencias-da-iot-em-dispositivos-moveis/index.html]
[content/wp-json/wp/v2/categories/59.json]
[content/category/iot/index.html]
[content/wp-json/wp/v2/posts/5850.json]
[content/category/iot/feed/index.html]
[content/wp-json/oembed/1.0/embedc029.json]
[content/wp-json/oembed/1.0/embed43a4]
[content/o-que-e-e-commerce-e-como-funciona/feed/index.html]
[content/o-que-e-e-commerce-e-como-funciona/index.html]
[content/wp-json/wp/v2/categories/60.json]
[content/category/e-commerce/index.html]
[content/category/e-commerce/feed/index.html]
[content/2019/06/index.html]
[fonts.googleapis.com/css8f84.css]
[www.superbuy.com.br/static/images/seja_comprador.jpg]
[www.superbuy.com.br/static/images/seja_fornecedor.jpg]
[www.superbuy.com.br/quem_somos.html]
[www.superbuy.com.br/seja_um_comprador.html]
[www.superbuy.com.br/static/images/banner_2.jpg]
[www.superbuy.com.br/static/images/fluxo-comprador/1.png]
[www.superbuy.com.br/static/images/fluxo-comprador/2.png]
[www.superbuy.com.br/static/images/fluxo-comprador/3.png]
[www.superbuy.com.br/static/images/fluxo-comprador/4.png]
[www.superbuy.com.br/static/images/fluxo-comprador/5.png]
[www.superbuy.com.br/static/images/fluxo-comprador/6.png]
[www.superbuy.com.br/fluxo_comprador.html]
[www.superbuy.com.br/seja_um_fornecedor.html]
[www.superbuy.com.br/static/images/fluxo-vendedor/1.png]
[www.superbuy.com.br/static/images/fluxo-vendedor/2.png]
[www.superbuy.com.br/static/images/fluxo-vendedor/3.png]
[www.superbuy.com.br/static/images/fluxo-vendedor/4.png]
[www.superbuy.com.br/static/images/fluxo-vendedor/5.png]
[www.superbuy.com.br/static/images/fluxo-vendedor/6.png]
[www.superbuy.com.br/fluxo_fornecedor.html]
[www.superbuy.com.br/static/js/jquery-ui.js]
[www.superbuy.com.br/static/js/jquery.ui.datepicker-pt-BR.js]
[www.superbuy.com.br/static/js/touchScroll/js/jquery.smoothTouchScroll.min.js]
[www.superbuy.com.br/login78a9.html]
[www.superbuy.com.br/avaliacaofornecedores/minhapontuacao]
[www.superbuy.com.br/financeiro/statuscontrato/index.html]
[www.superbuy.com.br/login06d1.html]
[www.superbuy.com.br/login6d23.html]
[www.superbuy.com.br/static/docs/Manual-do-fornecedor.pdf]
[www.superbuy.com.br/superdocs/index.html]
[www.superbuy.com.br/static/images/icones/tick.png]
[www.superbuy.com.br/static/images/icones/cross-script.png]
[www.superbuy.com.br/static/images/icones/exclamation-octagon.png]
[www.superbuy.com.br/static/images/search_btn.jpg]
[www.superbuy.com.br/static/docs/Contrato-CXP-fornecedores-com-SAAS-exemplo.pdf]
[www.superbuy.com.br/static/images/afiliacao_superbuy.png]
[www.superbuy.com.br/financeiro/gerarcontrato/index.html]
[www.superbuy.com.br/www.superbuy.com.ee.delayed]
[www.superbuy.com.br/faq.html]
[www.superbuy.com.br/atendimentos/index.html]
[www.superbuy.com.br/login00b7.html]
[www.superbuy.com.br/login888d.html]
[w.sharethis.com/button/buttons.js]
[www.superbuy.com.br/static/images/newsletter/newsletter_09_2016.jpg]
[www.superbuy.com.br/noticia/superbuy-ira-patrocinar-o-supply-chain-sab-2016.html]
[www.superbuy.com.br/noticia/calendario-de-faturamento-em-2016.html]
[www.superbuy.com.br/static/images/newsletter/newsletter_12_15_15_cabecalho.png]
[www.superbuy.com.br/static/images/newsletter/newsletter_12_15_15_img2.jpg]
[www.superbuy.com.br/static/images/newsletter/newsletter_12_15_15_rodape.png]
[www.superbuy.com.br/noticia/fast-track.html]
[www.superbuy.com.br/www.igus.com.html]
[www.superbuy.com.br/termos_de_uso.html]
[www.superbuy.com.br/privacidade.html]
[www.superbuy.com.br/termos_de_uso/v1.html]
[www.superbuy.com.br/static/docs/KIT-Midia.pdf]
[www.superbuy.com.br/anuncie.html]
[www.superbuy.com.br/static/images/linkedin.png]
[www.superbuy.com.br/trabalhe_conosco.html]
[www.superbuy.com.br/obrigado.html]
[content/index75c4.html]
[content/tag/distribuicao-b2b/index.html]
[content/wp-json/wp/v2/tags/44.json]
[content/tag/distribuicao-b2b/feed/index.html]
[content/wp-json/wp/v2/tags/45.json]
[content/tag/logistica/index.html]
[content/tag/logistica/feed/index.html]
[content/wp-json/wp/v2/tags/46.json]
[content/tag/logistica-de-distribuicao/index.html]
[content/tag/logistica-de-distribuicao/feed/index.html]
[content/wp-json/wp/v2/tags/47.json]
[content/tag/superbuy/index.html]
[content/index19ea.html]
[content/tag/superbuy/feed/index.html]
[content/wp-json/wp/v2/tags/50.json]
[content/tag/como-funciona-o-leilao-reverso/feed/index.html]
[content/tag/como-funciona-o-leilao-reverso/index.html]
[content/wp-json/wp/v2/tags/48.json]
[content/tag/leilao-reverso/index.html]
[content/tag/leilao-reverso/feed/index.html]
[content/wp-json/wp/v2/tags/51.json]
[content/tag/leilao-virtual/index.html]
[content/tag/leilao-virtual/feed/index.html]
[content/wp-json/wp/v2/tags/49.json]
[content/tag/o-que-e-leilao-reverso/feed/index.html]
[content/tag/o-que-e-leilao-reverso/index.html]
[content/indexcea8.html]
[content/wp-json/wp/v2/tags/74.json]
[content/tag/compra-terceirizada/index.html]
[content/wp-json/wp/v2/tags/72.json]
[content/tag/compra-terceirizada/feed/index.html]
[content/tag/compras/index.html]
[content/tag/compras/feed/index.html]
[content/wp-json/wp/v2/tags/71.json]
[content/tag/outsourcing/feed/index.html]
[content/tag/outsourcing/index.html]
[content/wp-json/wp/v2/tags/70]
[content/tag/outsourcing-de-compras/index.html]
[content/tag/outsourcing-de-compras/feed/index.html]
[content/wp-json/wp/v2/tags/73.json]
[content/tag/terceirizacao/index.html]
[content/tag/terceirizacao/feed/index.html]
[content/indexcb4c.html]
[content/tag/internet-5g/feed/index.html]
[content/wp-json/wp/v2/tags/65.json]
[content/tag/internet-5g/index.html]
[content/wp-json/wp/v2/tags/61.json]
[content/tag/internet-of-things/index.html]
[content/tag/internet-of-things/feed/index.html]
[content/wp-json/wp/v2/tags/62.json]
[content/tag/iot/index.html]
[content/tag/iot/feed/index.html]
[content/tag/tecnologia/feed/index.html]
[content/wp-json/wp/v2/tags/63.json]
[content/tag/tecnologia/index.html]
[content/wp-json/wp/v2/tags/64.json]
[content/tag/tendencias-da-iot/index.html]
[content/index5f8b.html]
[content/tag/tendencias-da-iot/feed/index.html]
[content/wp-json/wp/v2/tags/54.json]
[content/tag/como-funciona-o-e-commerce/index.html]
[content/tag/como-funciona-o-e-commerce/feed/index.html]
[content/tag/e-commerce/feed/index.html]
[content/wp-json/wp/v2/tags/52.json]
[content/tag/e-commerce/index.html]
[content/wp-json/wp/v2/tags/55.json]
[content/tag/loja-virtual/index.html]
[content/tag/loja-virtual/feed/index.html]
[content/wp-json/wp/v2/tags/56.json]
[content/tag/marketplace/index.html]
[content/tag/marketplace/feed/index.html]
[content/wp-json/wp/v2/tags/53.json]
[content/tag/o-que-e-e-commerce/feed/index.html]
[content/tag/o-que-e-e-commerce/index.html]
[content/wp-json/wp/v2/tags/58.json]
[content/tag/venda-online/index.html]
[content/wp-json/wp/v2/tags/57.json]
[content/tag/venda-online/feed/index.html]
[content/tag/venda-virtual/index.html]
[localhost/index.html]
[lp.superbuy.com.br/index.html]
[content/tag/venda-virtual/feed/index.html]
[www.superbuy.com.br/premiacao/desconto/f/lista/index.html]
[www.superbuy.com.br/loginf3f0.html]
[www.superbuy.com.br/relatorio/leiloes/index.html]
[www.superbuy.com.br/login0279.html]
[www.superbuy.com.br/pedido/index.html]
[www.superbuy.com.br/login78a9.html]
[www.superbuy.com.br/financeiro/statuscontrato/index.html]
[www.superbuy.com.br/logine53e.html]
[www.superbuy.com.br/financeiro/pesquisaboletos/fornecedor/index.html]
[www.superbuy.com.br/login3fd2.html]
[www.superbuy.com.br/financeiro/visualiza_billing/index.html]
[www.superbuy.com.br/avaliacaofornecedores/minhapontuacao.html]
[www.superbuy.com.br/login06d1.html]
[www.superbuy.com.br/login5436.html]
[www.superbuy.com.br/minha_pagina/index.html]
[www.superbuy.com.br/login6d23.html]
[www.superbuy.com.br/login97fa.html]
[www.superbuy.com.br/configuracoes/index.html]
[www.superbuy.com.br/loginacc5.html]
[www.superbuy.com.br/superdocs/documentos/index.html]
[www.superbuy.com.br/logina452.html]
[www.superbuy.com.br/www.superbuy.com.html]
[www.superbuy.com.br/login888d.html]
[www.superbuy.com.br/termos_de_uso/v1.html]
[www.superbuy.com.br/loginf3f0.html]
[www.superbuy.com.br/login0279.html]
[www.superbuy.com.br/logine53e.html]
[www.superbuy.com.br/login3fd2.html]
[www.superbuy.com.br/login5436.html]
[www.superbuy.com.br/login97fa.html]
[www.superbuy.com.br/loginacc5.html]
[www.superbuy.com.br/logina452.html]
[content/wp-includes/js/jquery/jquery4a5f.js]
[content/wp-includes/css/dist/block-library/style.mind03b.css]
[content/wp-json/index.html]
[content/xmlrpc0db0.php]
[content/wp-json/wp/v2/pages/209.json]
[content/wp-content/plugins/contact-form-7/assets/ajax-loader.gif]
[content/wp-content/plugins/contact-form-7/includes/css/stylesde54.css]
[content/wp-content/themes/salient/css/rgs202d.css]
[content/wp-includes/wlwmanifest.xml]
[content/wp-json/oembed/1.0/embed17b0.json]
[content/wp-content/themes/salient/css/fonts/fontawesome-webfont3ea6.eot]
[content/wp-content/themes/salient/css/fonts/fontawesome-webfontd41d.eot]
[content/wp-content/themes/salient/css/fonts/fontawesome-webfont3ea6.woff]
[content/wp-content/themes/salient/css/fonts/fontawesome-webfont3ea6.ttf]
[content/wp-json/oembed/1.0/embedf57d]
[content/wp-content/themes/salient/css/font-awesome.min82d0.css]
[content/wp-content/uploads/2019/05/cropped-sb_favicon-32x32.png]
[content/wp-content/themes/salient/css/fonts/OpenSans-Light-webfont.eot]
[content/wp-content/uploads/2019/05/cropped-sb_favicon-192x192.png]
[content/wp-content/themes/salient/css/fonts/OpenSans-Light-webfont.woff]
[content/wp-content/themes/salient/css/fonts/OpenSans-Light-webfont.ttf]
[content/wp-content/uploads/2019/05/cropped-sb_favicon-180x180.png]
[content/wp-content/themes/salient/css/fonts/OpenSans-Regular-webfont.eot]
[content/wp-content/uploads/2019/05/logo_superbuy.png]
[content/wp-content/themes/salient/css/fonts/OpenSans-Regular-webfont.woff]
[content/wp-content/themes/salient/css/fonts/OpenSans-Regular-webfont.ttf]
[content/wp-content/uploads/2019/06/high-bay-900x600.jpg]
[content/wp-content/themes/salient/css/fonts/OpenSans-Semibold-webfont.eot]
[content/wp-content/uploads/2019/06/gavelweb-900x600.jpg]
[1.gravatar.com/avatar/70d27f7b4c3bb5a5a1a3d15b7c191b7bd464.jpeg]
[content/wp-content/themes/salient/css/fonts/OpenSans-Semibold-webfont.woff]
[content/wp-content/themes/salient/css/fonts/OpenSans-Semibold-webfont.ttf]
[content/wp-content/uploads/2019/06/recruitment-3-900x600.jpg]
[content/wp-content/uploads/2019/06/visa-1-900x600.jpg]
[content/wp-content/themes/salient/css/fonts/OpenSansBold-webfont.eot]
[content/wp-content/uploads/2019/06/e-commerce-1-900x600.jpg]
[content/wp-content/uploads/2019/06/high-bay.jpg]
[content/wp-content/themes/salient/css/fonts/OpenSansBold-webfont.woff]
[content/wp-content/uploads/2019/06/recruitment-3.jpg]
[content/wp-content/themes/salient/css/fonts/OpenSansBold-webfont.ttf]
[content/wp-content/uploads/2019/06/gavelweb.jpg]
[content/wp-content/themes/salient/img/icons/loading-white-bg.gif]
[content/wp-content/uploads/2019/06/visa-1.jpg]
[content/wp-content/uploads/2019/06/e-commerce-1.jpg]
[content/wp-content/plugins/contact-form-7/includes/js/scriptsde54.js]
[content/wp-content/themes/salient/js/priority202d.js]
[content/wp-content/themes/salient/js/modernizr61da.js]
[content/wp-content/themes/salient/js/imagesLoaded.mineda1.js]
[content/wp-content/themes/salient/js/magnificf0a0.js]
[content/wp-content/themes/salient/js/superfishb493.js]
[content/wp-content/themes/salient/js/init202d.js]
[content/wp-content/themes/salient/js/flickity.min431f.js]
[content/wp-content/plugins/js_composer_salient/assets/lib/bower/flexslider/jquery.flexslider-min40df.js]
[content/wp-content/themes/salient/js/stickkit5152.js]
[content/wp-includes/js/wp-embed.mind03b.js]
[content/wp-content/plugins/js_composer_salient/assets/js/dist/js_composer_front.min40df.js]
[content/wp-content/themes/salient/js/touchswipe.min5152.js]
[content/wp-content/themes/salient/img/icons/mag-glass-mobile.png]
[content/wp-content/themes/salient/img/icons/mag-glass-mobile@2x.png]
[content/wp-content/themes/salient/img/icons/slider-arrows-small.png]
[content/wp-content/themes/salient/img/icons/jplayer.png]
[content/wp-content/themes/salient/img/transparent.png]
[content/wp-content/themes/salient/img/icons/leaflet/marker-shadow.png]
[content/wp-content/themes/salient/img/displacement.jpg]
[content/wp-content/themes/salient/img/icons/quote.png]
[content/wp-content/themes/salient/img/icons/link.png]
[content/wp-content/themes/salient/img/icons/status.png]
[content/wp-content/themes/salient/img/icons/aside.png]
[content/wp-content/themes/salient/img/icons/quote@2x.png]
[content/wp-content/themes/salient/img/icons/link@2x.png]
[content/wp-content/themes/salient/img/icons/status@2x.png]
[content/wp-content/themes/salient/img/icons/aside@2x.png]
[content/wp-content/themes/salient/img/icons/portfolio-arrows.png]
[content/wp-content/themes/salient/img/icons/portfolio-arrows@2x.png]
[content/wp-content/themes/salient/img/icons/comment-children-line.jpg]
[content/wp-content/themes/salient/css/fonts/icomoon.eot]
[content/wp-content/themes/salient/css/fonts/icomoond41d.eot]
[content/wp-content/themes/salient/css/fonts/icomoon.woff]
[content/wp-content/themes/salient/css/fonts/icomoon.ttf]
[content/wp-content/themes/salient/css/fonts/linecons.eot]
[content/wp-content/themes/salient/css/fonts/lineconsd41d.eot]
[content/wp-content/themes/salient/css/fonts/linecons.ttf]
[content/wp-content/themes/salient/css/fonts/linecons.woff]
[content/wp-content/themes/salient/css/fonts/steadysets.eot]
[content/wp-content/themes/salient/css/fonts/steadysetsd41d.eot]
[content/distribuicao-b2b-como-funciona-a-logistica-entre-empresas/feed/index.html]
[content/wp-content/themes/salient/css/fonts/steadysets.ttf]
[content/category/distribuicao-b2b/feed/index.html]
[content/wp-content/uploads/2019/06/high-bay-1024x768.jpg]
[content/wp-content/themes/salient/css/fonts/steadysets.woff]
[content/wp-content/themes/salient/style202d.css]
[content/wp-content/themes/salient/js/isotope.mine87d.js]
[content/wp-content/themes/salient/css/magnificdb31.css]
[content/category/e-commerce-b2b/feed/index.html]
[content/wp-json/wp/v2/categories/42.json]
[content/wp-content/themes/salient/css/responsive202d.css]
[content/wp-content/uploads/2019/06/e-commerce-1-1024x768.jpg]
[content/wp-content/themes/salient/css/skin-material202d.css]
[content/category/suprimento-logistica/feed/index.html]
[content/wp-content/plugins/js_composer_salient/assets/vc/alert.png]
[content/wp-json/wp/v2/categories/43.json]
[content/wp-json/wp/v2/users/6.json]
[content/author/thiago/feed/index.html]
[content/wp-content/plugins/js_composer_salient/assets/vc/info.png]
[content/wp-content/uploads/2019/06/gavelweb-1024x768.jpg]
[content/wp-content/plugins/js_composer_salient/assets/vc/tick.png]
[content/wp-content/uploads/2019/06/recruitment-3-1024x768.jpg]
[content/wp-content/uploads/2019/06/visa-1-1024x768.jpg]
[content/wp-content/plugins/js_composer_salient/assets/vc/exclamation.png]
[content/wp-content/plugins/js_composer_salient/assets/images/icons/address-book.png]
[content/leilao-reverso-o-que-e-e-quais-sao-as-vantagens/feed/index.html]
[content/wp-json/oembed/1.0/embed40ba.json]
[content/wp-json/wp/v2/posts/5841.json]
[content/wp-content/plugins/js_composer_salient/assets/images/icons/alarm-clock.png]
[content/wp-content/plugins/js_composer_salient/assets/images/icons/anchor.png]
[content/category/compras/feed/index.html]
[content/wp-json/wp/v2/categories/39.json]
[content/wp-json/oembed/1.0/embedc6ae]
[content/wp-content/plugins/js_composer_salient/assets/images/icons/application-image.png]
[content/category/leilao-reverso/feed/index.html]
[content/wp-content/plugins/js_composer_salient/assets/images/icons/arrow.png]
[content/wp-json/wp/v2/categories/68.json]
[content/wp-content/plugins/js_composer_salient/assets/images/icons/asterisk.png]
[content/category/tecnologia/feed/index.html]
[content/wp-content/plugins/js_composer_salient/assets/images/icons/auction-hammer.png]
[content/wp-content/plugins/js_composer_salient/assets/images/icons/balloon.png]
[content/o-que-e-outsourcing-de-compras/feed/index.html]
[content/wp-json/wp/v2/categories/41.json]
[content/wp-content/plugins/js_composer_salient/assets/images/icons/balloon-buzz.png]
[content/wp-content/plugins/js_composer_salient/assets/images/icons/balloon-facebook.png]
[content/wp-json/wp/v2/posts/5859.json]
[content/wp-json/oembed/1.0/embede204.json]
[content/wp-json/oembed/1.0/embede20c]
[content/wp-content/plugins/js_composer_salient/assets/images/icons/balloon-twitter.png]
[0.gravatar.com/avatar/indexc50c.html]
[2.gravatar.com/avatar/82bcaf48d921e5b7fd0537e34db45be6c50c.png]
[content/wp-content/plugins/js_composer_salient/assets/images/icons/battery-full.png]
[content/wp-content/plugins/js_composer_salient/assets/images/icons/binocular.163.delayed]
[content/category/outsourcing-de-compras/feed/index.html]
[content/tendencias-da-iot-em-dispositivos-moveis/feed/index.html]
[content/wp-json/wp/v2/categories/67.json]
[content/category/iot/feed/index.html]
[content/wp-json/wp/v2/posts/5862.json]
[content/wp-content/plugins/js_composer_salient/assets/images/icons/blue-document-excel.png]
[content/wp-json/wp/v2/categories/59.json]
[content/o-que-e-e-commerce-e-como-funciona/feed/index.html]
[content/wp-json/wp/v2/posts/5850.json]
[content/wp-content/plugins/js_composer_salient/assets/images/icons/blue-document-image.png]
[content/wp-json/wp/v2/categories/60.json]
[content/category/e-commerce/feed/index.html]
[content/wp-content/plugins/js_composer_salient/assets/images/icons/blue-document-music.png]
[content/wp-content/plugins/js_composer_salient/assets/images/icons/blue-document-office.png]
[content/wp-content/plugins/js_composer_salient/assets/images/icons/blue-document-pdf.png]
[content/wp-content/plugins/js_composer_salient/assets/images/icons/blue-document-powerpoint.png]
[content/tag/distribuicao-b2b/feed/index.html]
[content/wp-content/plugins/js_composer_salient/assets/images/icons/blue-document-word.png]
[content/wp-json/wp/v2/tags/45.json]
[content/wp-json/wp/v2/tags/44.json]
[content/tag/logistica/feed/index.html]
[content/tag/logistica-de-distribuicao/feed/index.html]
[content/wp-content/plugins/js_composer_salient/assets/images/icons/bookmark.png]
[content/wp-json/wp/v2/tags/46.json]
[content/tag/superbuy/feed/index.html]
[content/wp-json/wp/v2/tags/47.json]
[content/wp-json/wp/v2/tags/50.json]
[content/tag/como-funciona-o-leilao-reverso/feed/index.html]
[content/tag/leilao-reverso/feed/index.html]
[content/wp-content/plugins/js_composer_salient/assets/images/icons/camcorder.png]
[content/wp-json/wp/v2/tags/48.json]
[content/wp-json/wp/v2/tags/51.json]
[content/tag/o-que-e-leilao-reverso/feed/index.html]
[content/wp-json/wp/v2/tags/49.json]
[content/tag/leilao-virtual/feed/index.html]
[content/wp-content/plugins/js_composer_salient/assets/images/icons/camera.png]
[content/wp-json/wp/v2/tags/74.json]
[content/tag/compra-terceirizada/feed/index.html]
[content/tag/compras/feed/index.html]
[content/wp-json/wp/v2/tags/72.json]
[content/tag/outsourcing/feed/index.html]
[content/wp-json/wp/v2/tags/71.json]
[content/wp-content/plugins/js_composer_salient/assets/images/icons/chart.png]
[content/tag/outsourcing-de-compras/feed/index.html]
[content/wp-json/wp/v2/tags/70.json]
[content/wp-json/wp/v2/tags/73.json]
[content/tag/terceirizacao/feed/index.html]
[content/wp-content/plugins/js_composer_salient/assets/images/icons/chart-pie.png]
[content/wp-json/wp/v2/tags/65.json]
[content/tag/internet-5g/feed/index.html]
[content/wp-json/wp/v2/tags/61.json]
[content/tag/internet-of-things/feed/index.html]
[content/tag/iot/feed/index.html]
[content/wp-json/wp/v2/tags/62.json]
[content/wp-content/plugins/js_composer_salient/assets/images/icons/clock.png]
[content/wp-content/plugins/js_composer_salient/assets/images/icons/control.png]
[content/wp-content/plugins/js_composer_salient/assets/images/icons/fire.png]
[content/wp-json/wp/v2/tags/63.json]
[content/tag/tecnologia/feed/index.html]
[content/tag/tendencias-da-iot/feed/index.html]
[content/wp-json/wp/v2/tags/64.json]
[content/wp-content/plugins/js_composer_salient/assets/images/icons/heart.png]
[content/wp-content/plugins/js_composer_salient/assets/images/icons/mail.png]
[content/wp-content/plugins/js_composer_salient/assets/images/icons/plus-shield.png]
[content/wp-json/wp/v2/tags/54.json]
[content/tag/como-funciona-o-e-commerce/feed/index.html]
[content/tag/e-commerce/feed/index.html]
[content/wp-json/wp/v2/tags/52.json]
[content/wp-content/plugins/js_composer_salient/assets/images/icons/video.png]
[content/wp-content/plugins/js_composer_salient/assets/fonts/vc_icons_v2/fonts/vcpb-plugin-iconsb82a.eot]
[content/wp-content/plugins/js_composer_salient/assets/fonts/vc_icons_v2/fonts/vcpb-plugin-iconsb82a.ttf]
[content/wp-json/wp/v2/tags/55.json]
[content/tag/loja-virtual/feed/index.html]
[content/tag/marketplace/feed/index.html]
[content/wp-json/wp/v2/tags/56.json]
[content/wp-content/plugins/js_composer_salient/assets/fonts/vc_icons_v2/fonts/vcpb-plugin-iconsb82a.woff]
[content/wp-content/plugins/js_composer_salient/assets/images/toggle_open.png]
[content/wp-json/wp/v2/tags/53.json]
[content/tag/o-que-e-e-commerce/feed/index.html]
[content/tag/venda-online/feed/index.html]
[content/wp-json/wp/v2/tags/58.json]
[content/tag/venda-virtual/feed/index.html]
[content/wp-content/plugins/js_composer_salient/assets/images/toggle_close.png]
[content/wp-content/plugins/contact-form-7/assets/ajax-loader.gif]
[content/wp-content/themes/salient/css/fonts/fontawesome-webfont3ea6.eot]
[content/wp-content/themes/salient/css/fonts/fontawesome-webfontd41d.eot]
[content/wp-json/wp/v2/tags/57.json]
[content/wp-content/plugins/js_composer_salient/assets/images/flickr.png]
[content/wp-content/themes/salient/css/fonts/fontawesome-webfont3ea6.ttf]
[content/wp-content/themes/salient/css/fonts/fontawesome-webfont3ea6.woff]
[content/wp-content/themes/salient/css/fonts/OpenSans-Light-webfont.eot]
[content/wp-content/themes/salient/css/fonts/OpenSans-Light-webfontd41d.eot]
[content/wp-content/plugins/js_composer_salient/assets/fonts/vc_grid/vc_grid_v157a1.eot]
[content/wp-content/plugins/js_composer_salient/assets/fonts/vc_grid/vc_grid_v1d41d.eot]
[content/wp-content/themes/salient/css/fonts/OpenSans-Light-webfont.ttf]
[content/wp-content/themes/salient/css/fonts/OpenSans-Light-webfont.woff]
[content/wp-content/themes/salient/css/fonts/OpenSans-Regular-webfont.eot]
[content/wp-content/themes/salient/css/fonts/OpenSans-Regular-webfontd41d.eot]
[content/wp-content/plugins/js_composer_salient/assets/fonts/vc_grid/vc_grid_v157a1.woff]
[content/wp-content/plugins/js_composer_salient/assets/fonts/vc_grid/vc_grid_v157a1.ttf]
[content/wp-content/themes/salient/css/fonts/OpenSans-Semibold-webfont.eot]
[content/wp-content/themes/salient/css/fonts/OpenSans-Regular-webfont.ttf]
[content/wp-content/themes/salient/css/fonts/OpenSans-Regular-webfont.woff]
[content/wp-content/themes/salient/css/fonts/OpenSans-Semibold-webfontd41d.eot]
[content/wp-content/themes/salient/css/fonts/OpenSansBold-webfont.eot]
[content/wp-content/themes/salient/css/fonts/OpenSans-Semibold-webfont.woff]
[content/wp-content/themes/salient/css/fonts/OpenSans-Semibold-webfont.ttf]
[content/wp-content/themes/salient/css/fonts/OpenSansBold-webfontd41d.eot]
[content/wp-content/plugins/js_composer_salient/assets/images/spinner.183.delayed]
[content/wp-content/themes/salient/css/fonts/OpenSansBold-webfont.woff]
[content/wp-content/themes/salient/css/fonts/OpenSansBold-webfont.ttf]
[content/wp-content/themes/salient/img/icons/mag-glass-mobile.png]
[content/wp-content/plugins/js_composer_salient/assets/vc/remove.png]
[content/wp-content/themes/salient/img/icons/mag-glass-mobile@2x.png]
[content/wp-content/plugins/js_composer_salient/assets/css/js_composer.min40df.css]
[content/wp-content/themes/salient/img/icons/slider-arrows-small.png]
[content/wp-content/themes/salient/img/icons/jplayer.png]
[content/wp-content/themes/salient/img/transparent.png]
[content/wp-content/themes/salient/img/icons/leaflet/marker-shadow.png]
[content/wp-content/themes/salient/img/displacement.jpg]
[content/wp-content/themes/salient/img/icons/quote.png]
[content/wp-content/themes/salient/img/icons/link.png]
[content/wp-content/themes/salient/img/icons/aside.png]
[content/wp-content/themes/salient/img/icons/status.png]
[content/wp-content/themes/salient/img/icons/quote@2x.png]
[content/wp-content/themes/salient/img/icons/link@2x.png]
[content/wp-content/themes/salient/img/icons/status@2x.png]
[content/wp-content/themes/salient/img/icons/aside@2x.png]
[content/wp-content/themes/salient/img/icons/portfolio-arrows.png]
[content/wp-content/themes/salient/img/icons/portfolio-arrows@2x.png]
[content/wp-content/themes/salient/img/icons/comment-children-line.jpg]
[content/wp-content/themes/salient/css/fonts/icomoon.eot]
[content/wp-content/themes/salient/css/fonts/icomoond41d.eot]
[content/wp-content/themes/salient/css/fonts/icomoon.woff]
[content/wp-content/themes/salient/css/fonts/icomoon.ttf]
[content/wp-content/themes/salient/css/fonts/linecons.eot]
[content/wp-content/themes/salient/css/fonts/lineconsd41d.eot]
[content/wp-content/themes/salient/css/fonts/linecons.ttf]
[content/wp-content/themes/salient/css/fonts/linecons.woff]
[content/wp-content/themes/salient/css/fonts/steadysets.eot]
[content/wp-content/themes/salient/css/fonts/steadysetsd41d.eot]
[content/wp-content/themes/salient/css/fonts/steadysets.ttf]
[content/wp-content/themes/salient/css/fonts/steadysets.woff]
[content/wp-content/plugins/js_composer_salient/assets/vc/info.png]
[content/wp-content/plugins/js_composer_salient/assets/vc/exclamation.png]
[content/wp-content/plugins/js_composer_salient/assets/images/icons/address-book.png]
[content/wp-content/plugins/js_composer_salient/assets/images/icons/alarm-clock.png]
[content/wp-content/plugins/js_composer_salient/assets/images/icons/anchor.png]
[content/wp-content/plugins/js_composer_salient/assets/images/icons/application-image.png]
[content/wp-content/plugins/js_composer_salient/assets/images/icons/arrow.png]
[content/wp-content/plugins/js_composer_salient/assets/images/icons/asterisk.png]
[content/wp-content/plugins/js_composer_salient/assets/images/icons/auction-hammer.png]
[content/wp-content/plugins/js_composer_salient/assets/images/icons/balloon-buzz.png]
[content/wp-content/plugins/js_composer_salient/assets/images/icons/balloon-twitter.png]
[content/wp-content/plugins/js_composer_salient/assets/images/icons/battery-full.png]
[content/wp-content/plugins/js_composer_salient/assets/images/icons/clock.png]
[content/wp-content/plugins/js_composer_salient/assets/images/icons/control.png]
[content/wp-content/plugins/js_composer_salient/assets/images/icons/heart.png]
[content/wp-content/plugins/js_composer_salient/assets/images/icons/mail.png]
[content/wp-content/plugins/js_composer_salient/assets/images/icons/video.png]
[content/wp-content/plugins/js_composer_salient/assets/fonts/vc_icons_v2/fonts/vcpb-plugin-iconsb82a.eot]
[content/wp-content/plugins/js_composer_salient/assets/fonts/vc_icons_v2/fonts/vcpb-plugin-iconsb82a.woff]
[content/wp-content/plugins/js_composer_salient/assets/fonts/vc_grid/vc_grid_v157a1.eot]
[content/wp-content/plugins/js_composer_salient/assets/fonts/vc_grid/vc_grid_v157a1.woff]
[content/category/distribuicao-b2b/index.html]
[content/leilao-reverso-o-que-e-e-quais-sao-as-vantagens/index.html]
[content/category/compras/index.html]
[content/category/outsourcing-de-compras/index.html]
[content/category/iot/index.html]
[content/category/e-commerce/index.html]
[content/2019/06/index.html]
[www.superbuy.com.br/static/fonts/glyphicons-halflings-regular.185.delayed]
[www.superbuy.com.br/static/fonts/glyphicons-halflings-regulard41d.eot]
[www.superbuy.com.br/static/fonts/glyphicons-halflings-regular.woff2]
[www.superbuy.com.br/static/fonts/glyphicons-halflings-regular.woff]
[www.superbuy.com.br/static/fonts/glyphicons-halflings-regular.ttf]
[www.superbuy.com.br/static/fonts/glyphicons-halflings-regular.svg]
[www.superbuy.com.br/static/css/bootstrap.min.css]
[www.superbuy.com.br/static/fonts/awesome/fonts/fontawesome-webfont78ce.eot]
[www.superbuy.com.br/static/fonts/awesome/fonts/fontawesome-webfontd41d.eot]
[www.superbuy.com.br/static/fonts/awesome/fonts/fontawesome-webfont78ce.woff]
[www.superbuy.com.br/static/fonts/awesome/fonts/fontawesome-webfont78ce.ttf]
[www.superbuy.com.br/static/fonts/awesome/css/font-awesome.min.css]
[www.superbuy.com.br/static/images/search.gif]
[www.superbuy.com.br/static/images/bkg-banner.jpg]
[www.superbuy.com.br/static/images/saiba-mais.png]
[www.superbuy.com.br/static/images/bkg-banner2.jpg]
[www.superbuy.com.br/static/images/bkg-depoimentos.jpg]
[www.superbuy.com.br/static/images/bk-comprador.jpg]
[www.superbuy.com.br/static/images/bk-vendedor.jpg]
[www.superbuy.com.br/static/images/bk-fluxo-vendedor.jpg]
[www.superbuy.com.br/static/images/fluxo-vendedor/fluxo.png]
[www.superbuy.com.br/static/images/bk-fluxo-comprador.jpg]
[www.superbuy.com.br/static/images/fluxo-comprador/fluxo.png]
[www.superbuy.com.br/static/images/bg_slide.jpg]
[www.superbuy.com.br/static/images/bg_footer.jpg]
[www.superbuy.com.br/static/images/line_bot_footer.jpg]
[www.superbuy.com.br/static/images/shadow_left.jpg]
[www.superbuy.com.br/static/images/arrow_silver.jpg]
[www.superbuy.com.br/static/images/icon_comprador.png]
[www.superbuy.com.br/static/images/icon_fornecedor.png]
[www.superbuy.com.br/static/images/icon_marcacao.png]
[www.superbuy.com.br/static/images/icon_marcacao2.png]
[www.superbuy.com.br/static/css/style.css]
[www.superbuy.com.br/static/images/slide_p.jpg]
[www.superbuy.com.br/static/images/slide_a.jpg]
[www.superbuy.com.br/static/images/overlay.png]
[www.superbuy.com.br/static/css/coin-slider-styles.css]
[www.superbuy.com.br/static/css/images/nav_active.jpg]
[www.superbuy.com.br/static/css/images/nav_pasive_level2.png]
[www.superbuy.com.br/static/css/menusm.css]
[www.superbuy.com.br/static/css/superfish.css]
[www.superbuy.com.br/static/css/images/ui-anim_basic_16x16.gif]
[www.superbuy.com.br/static/images/icones/money.png]
[www.superbuy.com.br/static/images/icones/money-coin.png]
[www.superbuy.com.br/static/images/icones/money-plus.png]
[www.superbuy.com.br/static/images/icones/currency.png]
[www.superbuy.com.br/static/images/icones/calendar.png]
[www.superbuy.com.br/static/images/icones/moneys.png]
[www.superbuy.com.br/static/images/icones/tag.png]
[www.superbuy.com.br/static/images/icones/truck.png]
[www.superbuy.com.br/static/images/icones/balance.png]
[www.superbuy.com.br/static/images/icones/medal.png]
[www.superbuy.com.br/static/images/icones/tag-hash.png]
[www.superbuy.com.br/static/images/icones/truck--pencil.png]
[www.superbuy.com.br/static/images/icones/property-export.png]
[www.superbuy.com.br/static/images/icones/application-text.png]
[www.superbuy.com.br/static/images/icones/edit-percent.png]
[www.superbuy.com.br/static/images/icones/edit-number.png]
[www.superbuy.com.br/static/images/icones/calendar-share.png]
[www.superbuy.com.br/static/images/icones/clock-history.png]
[www.superbuy.com.br/static/images/icones/barcode.png]
[www.superbuy.com.br/static/images/icones/cards-bind-address.png]
[www.superbuy.com.br/static/images/icones/truck-empty.png]
[www.superbuy.com.br/static/images/icones/calendar-task.png]
[www.superbuy.com.br/static/images/icones/clock-select.png]
[www.superbuy.com.br/static/images/icones/baggage-cart-box.png]
[www.superbuy.com.br/static/images/icones/layer-resize.png]
[www.superbuy.com.br/static/images/icones/weight.png]
[www.superbuy.com.br/static/images/icones/money-arrow.png]
[www.superbuy.com.br/static/images/icones/money--exclamation.png]
[www.superbuy.com.br/static/images/icones/report-paper.png]
[www.superbuy.com.br/static/images/divisoria_menu.jpg]
[www.superbuy.com.br/static/css/comum.css]
[www.superbuy.com.br/static/js/owl-carousel/grabbing.png]
[www.superbuy.com.br/static/js/owl-carousel/owl.carousel.css]
[www.superbuy.com.br/static/js/owl-carousel/AjaxLoader.gif]
[www.superbuy.com.br/static/js/owl-carousel/owl.theme.css]
[www.superbuy.com.br/static/js/owl-carousel/owl.transitions.css]
[www.superbuy.com.br/static/js/touchScroll/css/smoothTouchScroll.css]
[www.superbuy.com.br/static/css/menu-sidebar.css]
[www.superbuy.com.br/static/js/scroll/mCSB_buttons.png]
[www.superbuy.com.br/static/js/scroll/jquery.mCustomScrollbar.css]
[www.superbuy.com.br/static/images/favicon.html]
[www.superbuy.com.br/static/css/pagenavi-css.css]
[www.superbuy.com.br/quem_somos.html]
[www.superbuy.com.br/publicidade/gif/gif_1px0235.gif]
[www.superbuy.com.br/publicidade/gif/gif_1px1fb2.gif]
[content/wp-json/wp/v2/posts/5835.json]
[content/wp-json/wp/v2/categories/69.json]
[content/index19ea.html]
[content/tag/como-funciona-o-leilao-reverso/index.html]
[content/indexcea8.html]
[content/tag/compra-terceirizada/index.html]
[content/indexcb4c.html]
[content/index5f8b.html]
[localhost/index.html]
[www.superbuy.com.br/static/css/jquery-ui.css]
[www.superbuy.com.br/static/docs/Manual-do-fornecedor.html]
[www.superbuy.com.br/static/css/faq.css]
[www.superbuy.com.br/termos_de_uso/v1.html]
[www.superbuy.com.br/loginf3f0.html]
[content/wp-content/themes/salient/css/fonts/fontawesome-webfont.svg]
[content/wp-content/themes/salient/css/fonts/OpenSans-Light-webfont.svg]
[content/wp-content/themes/salient/css/fonts/OpenSans-Regular-webfont.svg]
[content/wp-content/themes/salient/css/fonts/OpenSans-Semibold-webfont.svg]
[content/wp-content/themes/salient/css/fonts/OpenSansBold-webfont.svg]
[content/wp-content/themes/salient/img/icons/social/vimeo-header-black.html]
[content/wp-content/themes/salient/img/icons/social/behance-header-black.html]
[content/wp-content/themes/salient/css/fonts/icomoon.svg]
[content/wp-content/themes/salient/css/fonts/linecons.svg]
[content/wp-content/themes/salient/css/fonts/steadysets.svg]
[content/wp-content/plugins/js_composer_salient/assets/fonts/vc_icons_v2/fonts/vcpb-plugin-iconsb82a.svg]
[content/wp-content/plugins/js_composer_salient/assets/fonts/vc_grid/vc_grid_v157a1.svg]
[localhost/index.html]
[www.superbuy.com.br/static/fonts/glyphicons-halflings-regular.html]
[www.superbuy.com.br/static/fonts/glyphicons-halflings-regulard41d.html]
[www.superbuy.com.br/static/fonts/glyphicons-halflings-regular-2.html]
[www.superbuy.com.br/static/fonts/glyphicons-halflings-regular-3.html]
[www.superbuy.com.br/static/fonts/glyphicons-halflings-regular-4.html]
[www.superbuy.com.br/static/fonts/glyphicons-halflings-regular-5.html]
[www.superbuy.com.br/static/fonts/awesome/fonts/fontawesome-webfont78ce.svg]
[www.superbuy.com.br/static/images/line_bot_footer.html]
[www.superbuy.com.br/static/images/arrow_silver.html]
[www.superbuy.com.br/static/css/images/nav_active.html]
[www.superbuy.com.br/static/css/images/nav_pasive_level2.html]
[www.superbuy.com.br/static/js/scroll/mCSB_buttons.html]
